
[STEP 1] Owner Login — owner.dev@bookmyspace.app

  [owner] Login...
[browser] Google Maps JavaScript API has been loaded directly without loading=async. This can result in suboptimal performance. For best-practice loading patterns please see https://goo.gle/js-api-loading
[browser] Injecting <script> tag. Using callback.
[browser] DDC is about to load 1/2 scripts with pool size = 1000
[browser] DDC is about to load 1417/1417 scripts with pool size = 1000
[browser] [WebPush] Service worker registered with scope: http://127.0.0.1:8099/
[browser] Starting application from main method in: org-dartlang-app:/web_entrypoint.dart.
[browser] Found an existing <meta name="viewport"> tag. Flutter Web uses its own viewport configuration for better compatibility with Flutter. This tag will be replaced.
[browser] BookMySpace config: {name: development, supabaseHost: zykxneztahxbjduagutv.supabase.co, supabaseUrlConfigured: true, supabaseAnonKeyConfigured: true, razorpayKeyConfigured: true, apiBaseUrlHost: zykxneztahxbjduagutv.supabase.co, placeholderHost: false, supabaseConfigured: true}
[browser] supabase.supabase_flutter: INFO: ***** Supabase init completed ***** 
[browser] Failed to load resource: the server responded with a status of 403 ()
[browser] Google Maps JavaScript API warning: InvalidKey https://developers.google.com/maps/documentation/javascript/error-messages#invalid-key
[browser] Could not find a set of Noto fonts to display all missing characters. Please add a font asset for the missing characters. See: https://docs.flutter.dev/cookbook/design/fonts
  ✅ URL: http://127.0.0.1:8099/#/home
  📸 [Owner home] 2579909 bytes

[STEP 2] Owner Bookings...
  📸 [Owner bookings] 198520 bytes
  ❌ BMS-553715B3 NOT FOUND in text
  Relevant texts:
    "(function() {
      var progress = 0;
      var fillElem = document.getElementById('loading-progress-fill');
      var pctElem = document.getElementBy"
    "BookMySpace E2E Test Venue
cancelled
BMS-DF2B4673 • Sep 27, 2026 • E2E Morning Session
₹24,780"
    "Party Hall DEV 10
owner_rejected
BMS-526B2E9E • Sep 22, 2026 • Afternoon
₹86,140"
    "Party Hall DEV 10
approval_expired
BMS-6A4A9F60 • Sep 19, 2026 • Morning
₹86,140"
    "Party Hall DEV 10
cancelled
BMS-0098EB94 • Sep 18, 2026 • Afternoon
₹86,140"
    "BookMySpace E2E Test Venue
owner_rejected
BMS-9107BC6E • Sep 15, 2026 • E2E Morning Session
₹24,780"
    "Party Hall DEV 10
approval_expired
BMS-1013B2AF • Sep 14, 2026 • Morning
₹86,140"
    "BookMySpace E2E Test Venue
cancelled
BMS-F892F131 • Sep 14, 2026 • E2E Morning Session
₹24,780"

[STEP 3] Accept & request payment...
  All 24 semantics:
    [0] role="" label="" @(640,450) 1280x900
    [1] role="" label="" @(640,450) 1280x900
    [2] role="" label="" @(640,450) 1280x900
    [3] role="" label="" @(640,28) 1280x56
    [4] role="" label="" @(640,478) 1280x844
    [5] role="group" label="" @(640,478) 1280x844
    [6] role="" label="" @(640,125) 1248x106
    [7] role="" label="" @(640,125) 1248x106
    [8] role="" label="" @(640,263) 1248x170
    [9] role="group" label="Party Hall DEV 10
awaiting_owner_approval
BMS-553715B3 • Sep 23, 2026 • Evening
₹94,400" @(640,263) 1248x170
    [10] role="button" label="" @(333,298) 605x52
    [11] role="button" label="" @(948,298) 605x52
    [12] role="" label="" @(640,401) 1248x106
    [13] role="" label="" @(640,401) 1248x106
    [14] role="" label="" @(640,507) 1248x106
    [15] role="" label="" @(640,507) 1248x106
    [16] role="" label="" @(640,613) 1248x106
    [17] role="" label="" @(640,613) 1248x106
    [18] role="" label="" @(640,719) 1248x106
    [19] role="" label="" @(640,719) 1248x106
    [20] role="" label="" @(640,825) 1248x106
    [21] role="" label="" @(640,825) 1248x106
    [22] role="" label="" @(640,889) 1248x22
    [23] role="" label="" @(640,889) 1248x22
  Unlabeled buttons: 2
  Booking tile at y=178, h=170
  Buttons near tile: 2
  Clicking accept at (948, 298) role=button label=""
  📸 [Accept clicked] 204539 bytes
  Post-click semantics: 22
  Dialog buttons: 0
  📸 [After approval] 204539 bytes

[STEP 4] Verify status...
  📸 [Status check] 204539 bytes
  Booking: Party Hall DEV 10
pending
BMS-553715B3 • Sep 23, 2026 • Evening
₹94,400
  Status pending: ✅
  Accept button gone: ✅

[STEP 5] Customer Login...

  [customer] Login...
[browser] Google Maps JavaScript API has been loaded directly without loading=async. This can result in suboptimal performance. For best-practice loading patterns please see https://goo.gle/js-api-loading
[browser] Updating service worker.
[browser] [WebPush] Service worker registered with scope: http://127.0.0.1:8099/
[browser] Failed to load resource: the server responded with a status of 403 ()
[browser] Exception while loading service worker: Error: prepareServiceWorker took more than 4000ms to resolve. Moving on.
    at http://127.0.0.1:8099/flutter_bootstrap.js:1:3775
[browser] Injecting <script> tag. Using callback.
[browser] DDC is about to load 1/2 scripts with pool size = 1000
[browser] DDC is about to load 1417/1417 scripts with pool size = 1000
[browser] Google Maps JavaScript API warning: InvalidKey https://developers.google.com/maps/documentation/javascript/error-messages#invalid-key
[browser] Starting application from main method in: org-dartlang-app:/web_entrypoint.dart.
[browser] Found an existing <meta name="viewport"> tag. Flutter Web uses its own viewport configuration for better compatibility with Flutter. This tag will be replaced.
[browser] BookMySpace config: {name: development, supabaseHost: zykxneztahxbjduagutv.supabase.co, supabaseUrlConfigured: true, supabaseAnonKeyConfigured: true, razorpayKeyConfigured: true, apiBaseUrlHost: zykxneztahxbjduagutv.supabase.co, placeholderHost: false, supabaseConfigured: true}
[browser] supabase.supabase_flutter: INFO: ***** Supabase init completed ***** 
[browser] Could not find a set of Noto fonts to display all missing characters. Please add a font asset for the missing characters. See: https://docs.flutter.dev/cookbook/design/fonts
  ✅ URL: http://127.0.0.1:8099/#/home
  📸 [Customer home] 2580798 bytes

[STEP 6] Customer bookings — Pay...
[browser] The resource https://checkout-static-next.razorpay.com/build/chunks/v2-entry-illustration30-18f986bb.modern.js was preloaded using link preload but not used within a few seconds from the window's load event. Please make sure it has an appropriate `as` value and it is preloaded intentionally.
[browser] The resource https://checkout-static-next.razorpay.com/build/chunks/v2-entry-overview-3f7eb42b.modern.js was preloaded using link preload but not used within a few seconds from the window's load event. Please make sure it has an appropriate `as` value and it is preloaded intentionally.
[browser] The resource https://checkout-static-next.razorpay.com/build/chunks/v2-entry-magic-update-delivery-address-b909dc85.modern.js was preloaded using link preload but not used within a few seconds from the window's load event. Please make sure it has an appropriate `as` value and it is preloaded intentionally.
[browser] The resource https://checkout-static-next.razorpay.com/build/chunks/v2-entry-pay-with-partner-helpers-payment-e2ab3e29.modern.js was preloaded using link preload but not used within a few seconds from the window's load event. Please make sure it has an appropriate `as` value and it is preloaded intentionally.
[browser] The resource https://checkout-static-next.razorpay.com/build/chunks/v2-entry-illustration34-5f63d36b.modern.js was preloaded using link preload but not used within a few seconds from the window's load event. Please make sure it has an appropriate `as` value and it is preloaded intentionally.
[browser] The resource https://checkout-static-next.razorpay.com/build/chunks/v2-entry-in-app-c7a78539.modern.js was preloaded using link preload but not used within a few seconds from the window's load event. Please make sure it has an appropriate `as` value and it is preloaded intentionally.
[browser] The resource https://checkout-static-next.razorpay.com/build/chunks/v2-entry-ga4-fallback-bf296878.modern.js was preloaded using link preload but not used within a few seconds from the window's load event. Please make sure it has an appropriate `as` value and it is preloaded intentionally.
[browser] The resource https://checkout-static-next.razorpay.com/build/chunks/v2-entry-custom-list-item-component-798715b8.modern.js was preloaded using link preload but not used within a few seconds from the window's load event. Please make sure it has an appropriate `as` value and it is preloaded intentionally.
[browser] The resource https://checkout-static-next.razorpay.com/build/chunks/v2-entry-yotpo-points-widget-9a7fe7ea.modern.js was preloaded using link preload but not used within a few seconds from the window's load event. Please make sure it has an appropriate `as` value and it is preloaded intentionally.
[browser] The resource https://checkout-static-next.razorpay.com/build/chunks/v2-entry-powered-by-stamp-20101c07.modern.js was preloaded using link preload but not used within a few seconds from the window's load event. Please make sure it has an appropriate `as` value and it is preloaded intentionally.
[browser] The resource https://checkout-static-next.razorpay.com/build/chunks/v2-entry-magic-order-notes-2cd4c15f.modern.js was preloaded using link preload but not used within a few seconds from the window's load event. Please make sure it has an appropriate `as` value and it is preloaded intentionally.
[browser] The resource https://checkout-static-next.razorpay.com/build/chunks/v2-entry-paylater-deeplink-e0bff99a.modern.js was preloaded using link preload but not used within a few seconds from the window's load event. Please make sure it has an appropriate `as` value and it is preloaded intentionally.
[browser] The resource https://checkout-static-next.razorpay.com/build/chunks/v2-entry-intl-preferences-94e832a9.modern.js was preloaded using link preload but not used within a few seconds from the window's load event. Please make sure it has an appropriate `as` value and it is preloaded intentionally.
[browser] The resource https://checkout-static-next.razorpay.com/build/chunks/v2-entry-custom-button-component-04581419.modern.js was preloaded using link preload but not used within a few seconds from the window's load event. Please make sure it has an appropriate `as` value and it is preloaded intentionally.
[browser] The resource https://checkout-static-next.razorpay.com/build/chunks/v2-entry-v3-element-paylater-ae999e07.modern.js was preloaded using link preload but not used within a few seconds from the window's load event. Please make sure it has an appropriate `as` value and it is preloaded intentionally.
[browser] The resource https://checkout-static-next.razorpay.com/build/chunks/v2-entry-merchant-identity-ec535b5b.modern.js was preloaded using link preload but not used within a few seconds from the window's load event. Please make sure it has an appropriate `as` value and it is preloaded intentionally.
[browser] The resource https://checkout-static-next.razorpay.com/build/chunks/v2-entry-emandate-89c33372.modern.js was preloaded using link preload but not used within a few seconds from the window's load event. Please make sure it has an appropriate `as` value and it is preloaded intentionally.
[browser] The resource https://checkout-static-next.razorpay.com/build/chunks/v2-entry-apple-pay-flow-27a89662.modern.js was preloaded using link preload but not used within a few seconds from the window's load event. Please make sure it has an appropriate `as` value and it is preloaded intentionally.
[browser] The resource https://checkout-static-next.razorpay.com/build/chunks/v2-entry-illustration11-c0f69f69.modern.js was preloaded using link preload but not used within a few seconds from the window's load event. Please make sure it has an appropriate `as` value and it is preloaded intentionally.
[browser] The resource https://checkout-static-next.razorpay.com/build/chunks/v2-entry-email-contact-collect-ca99b9ee.modern.js was preloaded using link preload but not used within a few seconds from the window's load event. Please make sure it has an appropriate `as` value and it is preloaded intentionally.
[browser] The resource https://checkout-static-next.razorpay.com/build/chunks/v2-entry-payment-purpose-ef1adf50.modern.js was preloaded using link preload but not used within a few seconds from the window's load event. Please make sure it has an appropriate `as` value and it is preloaded intentionally.
[browser] The resource https://checkout-static-next.razorpay.com/build/chunks/v2-entry-v3-element-dcc-00228aee.modern.js was preloaded using link preload but not used within a few seconds from the window's load event. Please make sure it has an appropriate `as` value and it is preloaded intentionally.
[browser] The resource https://checkout-static-next.razorpay.com/build/chunks/v2-entry-intl-bank-transfer-mobile-ca96bac8.modern.js was preloaded using link preload but not used within a few seconds from the window's load event. Please make sure it has an appropriate `as` value and it is preloaded intentionally.
[browser] The resource https://checkout-static-next.razorpay.com/build/chunks/v2-entry-festivity-flow-1a6f35a3.modern.js was preloaded using link preload but not used within a few seconds from the window's load event. Please make sure it has an appropriate `as` value and it is preloaded intentionally.
[browser] The resource https://checkout-static-next.razorpay.com/build/chunks/v2-entry-events-7a7b644d.modern.js was preloaded using link preload but not used within a few seconds from the window's load event. Please make sure it has an appropriate `as` value and it is preloaded intentionally.
[browser] The resource https://checkout-static-next.razorpay.com/build/chunks/v2-entry-initialize-pay-with-partner-e1d718f1.modern.js was preloaded using link preload but not used within a few seconds from the window's load event. Please make sure it has an appropriate `as` value and it is preloaded intentionally.
[browser] The resource https://checkout-static-next.razorpay.com/build/chunks/v2-entry-magic-redirection-6949d9cf.modern.js was preloaded using link preload but not used within a few seconds from the window's load event. Please make sure it has an appropriate `as` value and it is preloaded intentionally.
[browser] The resource https://checkout-static-next.razorpay.com/build/chunks/v2-entry-cred-a046caf1.modern.js was preloaded using link preload but not used within a few seconds from the window's load event. Please make sure it has an appropriate `as` value and it is preloaded intentionally.
[browser] The resource https://checkout-static-next.razorpay.com/build/chunks/v2-entry-buyer-protection-activated-397ed730.modern.js was preloaded using link preload but not used within a few seconds from the window's load event. Please make sure it has an appropriate `as` value and it is preloaded intentionally.
[browser] The resource https://checkout-static-next.razorpay.com/build/chunks/v2-entry-v3-email-collect-4be664c8.modern.js was preloaded using link preload but not used within a few seconds from the window's load event. Please make sure it has an appropriate `as` value and it is preloaded intentionally.
[browser] The resource https://checkout-static-next.razorpay.com/build/chunks/v2-entry-gateway-fee-c698f10f.modern.js was preloaded using link preload but not used within a few seconds from the window's load event. Please make sure it has an appropriate `as` value and it is preloaded intentionally.
[browser] The resource https://checkout-static-next.razorpay.com/build/chunks/v2-entry-pop-mobile-screen-header-fcbdd0ea.modern.js was preloaded using link preload but not used within a few seconds from the window's load event. Please make sure it has an appropriate `as` value and it is preloaded intentionally.
[browser] The resource https://checkout-static-next.razorpay.com/build/chunks/v2-entry-v2-standard-icon-common-0f9fe3f9.modern.js was preloaded using link preload but not used within a few seconds from the window's load event. Please make sure it has an appropriate `as` value and it is preloaded intentionally.
[browser] The resource https://checkout-static-next.razorpay.com/build/chunks/v2-entry-merchant-loyalty-534277c4.modern.js was preloaded using link preload but not used within a few seconds from the window's load event. Please make sure it has an appropriate `as` value and it is preloaded intentionally.
[browser] The resource https://checkout-static-next.razorpay.com/build/chunks/v2-entry-magic-mobile-layout-desktop-8f960759.modern.js was preloaded using link preload but not used within a few seconds from the window's load event. Please make sure it has an appropriate `as` value and it is preloaded intentionally.
[browser] The resource https://checkout-static-next.razorpay.com/build/chunks/v2-entry-item-picker-f3a0da29.modern.js was preloaded using link preload but not used within a few seconds from the window's load event. Please make sure it has an appropriate `as` value and it is preloaded intentionally.
[browser] The resource https://checkout-static-next.razorpay.com/build/chunks/v2-entry-CommonCouponWidget-4f30f318.modern.js was preloaded using link preload but not used within a few seconds from the window's load event. Please make sure it has an appropriate `as` value and it is preloaded intentionally.
[browser] The resource https://checkout-static-next.razorpay.com/build/chunks/v2-entry-razorpay-wallet-widget-838a991c.modern.js was preloaded using link preload but not used within a few seconds from the window's load event. Please make sure it has an appropriate `as` value and it is preloaded intentionally.
[browser] The resource https://checkout-static-next.razorpay.com/build/chunks/v2-entry-magic-order-summary-order-notes-e19ed572.modern.js was preloaded using link preload but not used within a few seconds from the window's load event. Please make sure it has an appropriate `as` value and it is preloaded intentionally.
[browser] The resource https://checkout-static-next.razorpay.com/build/chunks/v2-entry-magic-order-summary-sheet-0b901e33.modern.js was preloaded using link preload but not used within a few seconds from the window's load event. Please make sure it has an appropriate `as` value and it is preloaded intentionally.
[browser] The resource https://checkout-static-next.razorpay.com/build/chunks/v2-entry-quick-buy-mobile-home-2781f956.modern.js was preloaded using link preload but not used within a few seconds from the window's load event. Please make sure it has an appropriate `as` value and it is preloaded intentionally.
[browser] The resource https://checkout-static-next.razorpay.com/build/chunks/v2-entry-illustration44-3c92bfcd.modern.js was preloaded using link preload but not used within a few seconds from the window's load event. Please make sure it has an appropriate `as` value and it is preloaded intentionally.
[browser] The resource https://checkout-static-next.razorpay.com/build/chunks/v2-entry-v2-icon-common0-4e470bd4.modern.js was preloaded using link preload but not used within a few seconds from the window's load event. Please make sure it has an appropriate `as` value and it is preloaded intentionally.
[browser] The resource https://checkout-static-next.razorpay.com/build/chunks/v2-entry-card-issuer-white2-6dd1aed7.modern.js was preloaded using link preload but not used within a few seconds from the window's load event. Please make sure it has an appropriate `as` value and it is preloaded intentionally.
[browser] The resource https://checkout-static-next.razorpay.com/build/chunks/v2-entry-apple-pay-experiment-eligibility-8e633165.modern.js was preloaded using link preload but not used within a few seconds from the window's load event. Please make sure it has an appropriate `as` value and it is preloaded intentionally.
[browser] The resource https://checkout-static-next.razorpay.com/build/chunks/v2-entry-v3-offer-interstitial-73b55a84.modern.js was preloaded using link preload but not used within a few seconds from the window's load event. Please make sure it has an appropriate `as` value and it is preloaded intentionally.
[browser] The resource https://checkout-static-next.razorpay.com/build/chunks/v2-entry-illustration12-62e99950.modern.js was preloaded using link preload but not used within a few seconds from the window's load event. Please make sure it has an appropriate `as` value and it is preloaded intentionally.
[browser] The resource https://checkout-static-next.razorpay.com/build/chunks/v2-entry-v2-asset-common-09e45fa7.modern.js was preloaded using link preload but not used within a few seconds from the window's load event. Please make sure it has an appropriate `as` value and it is preloaded intentionally.
[browser] The resource https://checkout-static-next.razorpay.com/build/chunks/v2-entry-local-currency-bank-transfer-details-a3d806ab.modern.js was preloaded using link preload but not used within a few seconds from the window's load event. Please make sure it has an appropriate `as` value and it is preloaded intentionally.
[browser] The resource https://checkout-static-next.razorpay.com/build/chunks/v2-entry-instant-bank-transfer-block-4ba89c92.modern.js was preloaded using link preload but not used within a few seconds from the window's load event. Please make sure it has an appropriate `as` value and it is preloaded intentionally.
[browser] The resource https://checkout-static-next.razorpay.com/build/chunks/v2-entry-illustration45-210f1950.modern.js was preloaded using link preload but not used within a few seconds from the window's load event. Please make sure it has an appropriate `as` value and it is preloaded intentionally.
[browser] The resource https://checkout-static-next.razorpay.com/build/chunks/v2-entry-illustration40-7771f1e3.modern.js was preloaded using link preload but not used within a few seconds from the window's load event. Please make sure it has an appropriate `as` value and it is preloaded intentionally.
[browser] The resource https://checkout-static-next.razorpay.com/build/chunks/v2-entry-magic-coupons-widget-ceee79f3.modern.js was preloaded using link preload but not used within a few seconds from the window's load event. Please make sure it has an appropriate `as` value and it is preloaded intentionally.
[browser] The resource https://checkout-static-next.razorpay.com/build/chunks/v2-entry-magic-delivery-fees-callout-1bbafe88.modern.js was preloaded using link preload but not used within a few seconds from the window's load event. Please make sure it has an appropriate `as` value and it is preloaded intentionally.
[browser] The resource https://checkout-static-next.razorpay.com/build/chunks/v2-entry-intl-bank-transfer-currency-184e2d85.modern.js was preloaded using link preload but not used within a few seconds from the window's load event. Please make sure it has an appropriate `as` value and it is preloaded intentionally.
[browser] The resource https://checkout-static-next.razorpay.com/build/chunks/v2-entry-magic-select-delivery-address-fb23809f.modern.js was preloaded using link preload but not used within a few seconds from the window's load event. Please make sure it has an appropriate `as` value and it is preloaded intentionally.
[browser] The resource https://checkout-static-next.razorpay.com/build/chunks/v2-entry-v3-eligibility-otp-b22b2823.modern.js was preloaded using link preload but not used within a few seconds from the window's load event. Please make sure it has an appropriate `as` value and it is preloaded intentionally.
[browser] The resource https://checkout-static-next.razorpay.com/build/chunks/v2-entry-upi-qr-151677ff.modern.js was preloaded using link preload but not used within a few seconds from the window's load event. Please make sure it has an appropriate `as` value and it is preloaded intentionally.
[browser] The resource https://checkout-static-next.razorpay.com/build/chunks/v2-entry-v2-magic-icon-common-4335cbb6.modern.js was preloaded using link preload but not used within a few seconds from the window's load event. Please make sure it has an appropriate `as` value and it is preloaded intentionally.
[browser] The resource https://checkout-static-next.razorpay.com/build/chunks/v2-entry-confirm-exit-86f5d5da.modern.js was preloaded using link preload but not used within a few seconds from the window's load event. Please make sure it has an appropriate `as` value and it is preloaded intentionally.
[browser] The resource https://checkout-static-next.razorpay.com/build/chunks/v2-entry-festivity-animation-1d124dcc.modern.js was preloaded using link preload but not used within a few seconds from the window's load event. Please make sure it has an appropriate `as` value and it is preloaded intentionally.
[browser] The resource https://checkout-static-next.razorpay.com/build/chunks/v2-entry-magic-select-delivery-speed-66b96cfc.modern.js was preloaded using link preload but not used within a few seconds from the window's load event. Please make sure it has an appropriate `as` value and it is preloaded intentionally.
[browser] The resource https://checkout-static-next.razorpay.com/build/chunks/v2-entry-netbanking-popup-fallback-ae053e9b.modern.js was preloaded using link preload but not used within a few seconds from the window's load event. Please make sure it has an appropriate `as` value and it is preloaded intentionally.
[browser] The resource https://checkout-static-next.razorpay.com/build/chunks/v2-entry-magic-reset-order-a94a64fb.modern.js was preloaded using link preload but not used within a few seconds from the window's load event. Please make sure it has an appropriate `as` value and it is preloaded intentionally.
[browser] The resource https://checkout-static-next.razorpay.com/build/chunks/v2-entry-magic-third-party-address-consent-434b08cd.modern.js was preloaded using link preload but not used within a few seconds from the window's load event. Please make sure it has an appropriate `as` value and it is preloaded intentionally.
[browser] The resource https://checkout-static-next.razorpay.com/build/chunks/v2-entry-nfc-scan-sheet-5febc2eb.modern.js was preloaded using link preload but not used within a few seconds from the window's load event. Please make sure it has an appropriate `as` value and it is preloaded intentionally.
[browser] The resource https://checkout-static-next.razorpay.com/build/chunks/v2-entry-smart-import-24d37ed0.modern.js was preloaded using link preload but not used within a few seconds from the window's load event. Please make sure it has an appropriate `as` value and it is preloaded intentionally.
[browser] The resource https://checkout-static-next.razorpay.com/build/chunks/v2-entry-offers-1bc99014.modern.js was preloaded using link preload but not used within a few seconds from the window's load event. Please make sure it has an appropriate `as` value and it is preloaded intentionally.
[browser] The resource https://checkout-static-next.razorpay.com/build/chunks/v2-entry-v3-element-auth-61d1b2e0.modern.js was preloaded using link preload but not used within a few seconds from the window's load event. Please make sure it has an appropriate `as` value and it is preloaded intentionally.
[browser] The resource https://checkout-static-next.razorpay.com/build/chunks/v2-entry-link-and-pay-ebe65708.modern.js was preloaded using link preload but not used within a few seconds from the window's load event. Please make sure it has an appropriate `as` value and it is preloaded intentionally.
[browser] The resource https://checkout-static-next.razorpay.com/build/chunks/v2-entry-v3-netbanking-pay-863d41b4.modern.js was preloaded using link preload but not used within a few seconds from the window's load event. Please make sure it has an appropriate `as` value and it is preloaded intentionally.
[browser] The resource https://checkout-static-next.razorpay.com/build/chunks/v2-entry-netbanking-netbanking-overlay-ac755d7d.modern.js was preloaded using link preload but not used within a few seconds from the window's load event. Please make sure it has an appropriate `as` value and it is preloaded intentionally.
[browser] The resource https://checkout-static-next.razorpay.com/build/chunks/v2-entry-magic-breadcrumbs-0d8e0b41.modern.js was preloaded using link preload but not used within a few seconds from the window's load event. Please make sure it has an appropriate `as` value and it is preloaded intentionally.
[browser] The resource https://checkout-static-next.razorpay.com/build/chunks/v2-entry-show-pay-with-partner-buttons-5e352827.modern.js was preloaded using link preload but not used within a few seconds from the window's load event. Please make sure it has an appropriate `as` value and it is preloaded intentionally.
[browser] The resource https://checkout-static-next.razorpay.com/build/chunks/v2-entry-analytics-f103df66.modern.js was preloaded using link preload but not used within a few seconds from the window's load event. Please make sure it has an appropriate `as` value and it is preloaded intentionally.
[browser] The resource https://checkout-static-next.razorpay.com/build/chunks/v2-entry-account-popover-48751c10.modern.js was preloaded using link preload but not used within a few seconds from the window's load event. Please make sure it has an appropriate `as` value and it is preloaded intentionally.
[browser] The resource https://checkout-static-next.razorpay.com/build/chunks/v2-entry-ui-card-apps-6420243f.modern.js was preloaded using link preload but not used within a few seconds from the window's load event. Please make sure it has an appropriate `as` value and it is preloaded intentionally.
[browser] The resource https://checkout-static-next.razorpay.com/build/chunks/v2-entry-card-block-c56c45fd.modern.js was preloaded using link preload but not used within a few seconds from the window's load event. Please make sure it has an appropriate `as` value and it is preloaded intentionally.
[browser] The resource https://checkout-static-next.razorpay.com/build/chunks/v2-entry-checkout-failed-45ac70d5.modern.js was preloaded using link preload but not used within a few seconds from the window's load event. Please make sure it has an appropriate `as` value and it is preloaded intentionally.
[browser] The resource https://checkout-static-next.razorpay.com/build/chunks/v2-entry-v2-common-icon-coupons-06a3a99c.modern.js was preloaded using link preload but not used within a few seconds from the window's load event. Please make sure it has an appropriate `as` value and it is preloaded intentionally.
[browser] The resource https://checkout-static-next.razorpay.com/build/chunks/v2-entry-outward-remittance-home-c2de7399.modern.js was preloaded using link preload but not used within a few seconds from the window's load event. Please make sure it has an appropriate `as` value and it is preloaded intentionally.
[browser] The resource https://checkout-static-next.razorpay.com/build/chunks/v2-entry-paylater-flow-standard-b2a850a0.modern.js was preloaded using link preload but not used within a few seconds from the window's load event. Please make sure it has an appropriate `as` value and it is preloaded intentionally.
[browser] The resource https://checkout-static-next.razorpay.com/build/chunks/v2-entry-cod-block-2a5df1e7.modern.js was preloaded using link preload but not used within a few seconds from the window's load event. Please make sure it has an appropriate `as` value and it is preloaded intentionally.
[browser] The resource https://checkout-static-next.razorpay.com/build/chunks/v2-entry-local-currency-bank-transfer-block-d70f9876.modern.js was preloaded using link preload but not used within a few seconds from the window's load event. Please make sure it has an appropriate `as` value and it is preloaded intentionally.
[browser] The resource https://checkout-static-next.razorpay.com/build/chunks/v2-entry-BuyerProtect-94ba573d.modern.js was preloaded using link preload but not used within a few seconds from the window's load event. Please make sure it has an appropriate `as` value and it is preloaded intentionally.
[browser] The resource https://checkout-static-next.razorpay.com/build/chunks/v2-entry-illustration41-52ecaaf8.modern.js was preloaded using link preload but not used within a few seconds from the window's load event. Please make sure it has an appropriate `as` value and it is preloaded intentionally.
[browser] The resource https://checkout-static-next.razorpay.com/build/chunks/v2-entry-offer-emi-explainer-5387a9c9.modern.js was preloaded using link preload but not used within a few seconds from the window's load event. Please make sure it has an appropriate `as` value and it is preloaded intentionally.
[browser] The resource https://checkout-static-next.razorpay.com/build/chunks/v2-entry-loyalty-points-widget-c28ea8ff.modern.js was preloaded using link preload but not used within a few seconds from the window's load event. Please make sure it has an appropriate `as` value and it is preloaded intentionally.
[browser] The resource https://checkout-static-next.razorpay.com/build/chunks/v2-entry-magic-entry-4e543825.modern.js was preloaded using link preload but not used within a few seconds from the window's load event. Please make sure it has an appropriate `as` value and it is preloaded intentionally.
[browser] The resource https://checkout-static-next.razorpay.com/build/undefined was preloaded using link preload but not used within a few seconds from the window's load event. Please make sure it has an appropriate `as` value and it is preloaded intentionally.
[browser] The resource https://checkout-static-next.razorpay.com/build/chunks/v2-entry-instalment-nudge-6799005f.modern.js was preloaded using link preload but not used within a few seconds from the window's load event. Please make sure it has an appropriate `as` value and it is preloaded intentionally.
[browser] The resource https://checkout-static-next.razorpay.com/build/chunks/v2-entry-intelligent-offers-ranking-232498f2.modern.js was preloaded using link preload but not used within a few seconds from the window's load event. Please make sure it has an appropriate `as` value and it is preloaded intentionally.
[browser] The resource https://checkout-static-next.razorpay.com/build/chunks/v2-entry-illustration42-e841282a.modern.js was preloaded using link preload but not used within a few seconds from the window's load event. Please make sure it has an appropriate `as` value and it is preloaded intentionally.
[browser] The resource https://checkout-static-next.razorpay.com/build/chunks/v2-entry-illustration35-b3419669.modern.js was preloaded using link preload but not used within a few seconds from the window's load event. Please make sure it has an appropriate `as` value and it is preloaded intentionally.
[browser] The resource https://checkout-static-next.razorpay.com/build/chunks/v2-entry-magic-address-1be3a865.modern.js was preloaded using link preload but not used within a few seconds from the window's load event. Please make sure it has an appropriate `as` value and it is preloaded intentionally.
[browser] The resource https://checkout-static-next.razorpay.com/build/chunks/v2-entry-pay-without-offer-f2941b8d.modern.js was preloaded using link preload but not used within a few seconds from the window's load event. Please make sure it has an appropriate `as` value and it is preloaded intentionally.
[browser] The resource https://checkout-static-next.razorpay.com/build/chunks/v2-entry-magic-address-consent-bf54ca45.modern.js was preloaded using link preload but not used within a few seconds from the window's load event. Please make sure it has an appropriate `as` value and it is preloaded intentionally.
[browser] The resource https://checkout-static-next.razorpay.com/build/chunks/v2-entry-store-credits-applied-88d81cf9.modern.js was preloaded using link preload but not used within a few seconds from the window's load event. Please make sure it has an appropriate `as` value and it is preloaded intentionally.
[browser] The resource https://checkout-static-next.razorpay.com/build/chunks/v2-entry-instant-bank-transfer-lang-tam-ts-677343cd.modern.js was preloaded using link preload but not used within a few seconds from the window's load event. Please make sure it has an appropriate `as` value and it is preloaded intentionally.
[browser] The resource https://checkout-static-next.razorpay.com/build/chunks/v2-entry-paylater-7d766e4e.modern.js was preloaded using link preload but not used within a few seconds from the window's load event. Please make sure it has an appropriate `as` value and it is preloaded intentionally.
[browser] The resource https://checkout-static-next.razorpay.com/build/chunks/v2-entry-upi-71d51fd7.modern.js was preloaded using link preload but not used within a few seconds from the window's load event. Please make sure it has an appropriate `as` value and it is preloaded intentionally.
[browser] The resource https://checkout-static-next.razorpay.com/build/chunks/v2-entry-dcc-ui-fa81fccc.modern.js was preloaded using link preload but not used within a few seconds from the window's load event. Please make sure it has an appropriate `as` value and it is preloaded intentionally.
[browser] The resource https://checkout-static-next.razorpay.com/build/chunks/v2-entry-fpxbanking-073ef6f1.modern.js was preloaded using link preload but not used within a few seconds from the window's load event. Please make sure it has an appropriate `as` value and it is preloaded intentionally.
[browser] The resource https://checkout-static-next.razorpay.com/build/chunks/v2-entry-magic-partial-cod-0cd3e04d.modern.js was preloaded using link preload but not used within a few seconds from the window's load event. Please make sure it has an appropriate `as` value and it is preloaded intentionally.
[browser] The resource https://checkout-static-next.razorpay.com/build/chunks/v2-entry-pop-lang-tel-ts-882aaf1f.modern.js was preloaded using link preload but not used within a few seconds from the window's load event. Please make sure it has an appropriate `as` value and it is preloaded intentionally.
[browser] The resource https://checkout-static-next.razorpay.com/build/chunks/v2-entry-cred-biometric-608b5737.modern.js was preloaded using link preload but not used within a few seconds from the window's load event. Please make sure it has an appropriate `as` value and it is preloaded intentionally.
[browser] The resource https://checkout-static-next.razorpay.com/build/chunks/v2-entry-v2-icon-magic-3179e56e.modern.js was preloaded using link preload but not used within a few seconds from the window's load event. Please make sure it has an appropriate `as` value and it is preloaded intentionally.
[browser] The resource https://checkout-static-next.razorpay.com/build/chunks/v2-entry-tcs-exceed-dollars-2a44af5a.modern.js was preloaded using link preload but not used within a few seconds from the window's load event. Please make sure it has an appropriate `as` value and it is preloaded intentionally.
[browser] The resource https://checkout-static-next.razorpay.com/build/chunks/v2-entry-paylater-flow-tabby-029b9036.modern.js was preloaded using link preload but not used within a few seconds from the window's load event. Please make sure it has an appropriate `as` value and it is preloaded intentionally.
[browser] The resource https://checkout-static-next.razorpay.com/build/chunks/v2-entry-upi-helpers-events-9e3d9717.modern.js was preloaded using link preload but not used within a few seconds from the window's load event. Please make sure it has an appropriate `as` value and it is preloaded intentionally.
[browser] The resource https://checkout-static-next.razorpay.com/build/chunks/v2-entry-duitnow-module-5071cf9d.modern.js was preloaded using link preload but not used within a few seconds from the window's load event. Please make sure it has an appropriate `as` value and it is preloaded intentionally.
[browser] The resource https://checkout-static-next.razorpay.com/build/chunks/v2-entry-illustration31-8f39f944.modern.js was preloaded using link preload but not used within a few seconds from the window's load event. Please make sure it has an appropriate `as` value and it is preloaded intentionally.
[browser] The resource https://checkout-static-next.razorpay.com/build/chunks/v2-entry-block-config-bc21a78c.modern.js was preloaded using link preload but not used within a few seconds from the window's load event. Please make sure it has an appropriate `as` value and it is preloaded intentionally.
[browser] The resource https://checkout-static-next.razorpay.com/build/chunks/v2-entry-pop-lang-guj-ts-abbcc0fc.modern.js was preloaded using link preload but not used within a few seconds from the window's load event. Please make sure it has an appropriate `as` value and it is preloaded intentionally.
[browser] The resource https://checkout-static-next.razorpay.com/build/chunks/v2-entry-lang-guj-ts-f0c4dc5f.modern.js was preloaded using link preload but not used within a few seconds from the window's load event. Please make sure it has an appropriate `as` value and it is preloaded intentionally.
[browser] The resource https://checkout-static-next.razorpay.com/build/chunks/v2-entry-v2-magic-entry-helper-5624c34c.modern.js was preloaded using link preload but not used within a few seconds from the window's load event. Please make sure it has an appropriate `as` value and it is preloaded intentionally.
[browser] The resource https://checkout-static-next.razorpay.com/build/chunks/v2-entry-gpay-in-a-box-7f1d29a6.modern.js was preloaded using link preload but not used within a few seconds from the window's load event. Please make sure it has an appropriate `as` value and it is preloaded intentionally.
[browser] The resource https://checkout-static-next.razorpay.com/build/chunks/v2-entry-channel-d205b683.modern.js was preloaded using link preload but not used within a few seconds from the window's load event. Please make sure it has an appropriate `as` value and it is preloaded intentionally.
[browser] The resource https://checkout-static-next.razorpay.com/build/chunks/v2-entry-v3-otp-failed-cfeec6fe.modern.js was preloaded using link preload but not used within a few seconds from the window's load event. Please make sure it has an appropriate `as` value and it is preloaded intentionally.
[browser] The resource https://checkout-static-next.razorpay.com/build/chunks/v2-entry-home-7c878bd9.modern.js was preloaded using link preload but not used within a few seconds from the window's load event. Please make sure it has an appropriate `as` value and it is preloaded intentionally.
[browser] The resource https://checkout-static-next.razorpay.com/build/chunks/v2-entry-emandate-block-bcb75559.modern.js was preloaded using link preload but not used within a few seconds from the window's load event. Please make sure it has an appropriate `as` value and it is preloaded intentionally.
[browser] The resource https://checkout-static-next.razorpay.com/build/chunks/v2-entry-partial-payment-6b4963d1.modern.js was preloaded using link preload but not used within a few seconds from the window's load event. Please make sure it has an appropriate `as` value and it is preloaded intentionally.
[browser] The resource https://checkout-static-next.razorpay.com/build/chunks/v2-entry-apple-pay-method-button-a20a6b90.modern.js was preloaded using link preload but not used within a few seconds from the window's load event. Please make sure it has an appropriate `as` value and it is preloaded intentionally.
[browser] The resource https://checkout-static-next.razorpay.com/build/chunks/v2-entry-snapmint-helpers-893a29db.modern.js was preloaded using link preload but not used within a few seconds from the window's load event. Please make sure it has an appropriate `as` value and it is preloaded intentionally.
[browser] The resource https://checkout-static-next.razorpay.com/build/chunks/v2-entry-error-service-1271e6bb.modern.js was preloaded using link preload but not used within a few seconds from the window's load event. Please make sure it has an appropriate `as` value and it is preloaded intentionally.
[browser] The resource https://checkout-static-next.razorpay.com/build/chunks/v2-entry-BuyerProtectWrapper-6cde8e6d.modern.js was preloaded using link preload but not used within a few seconds from the window's load event. Please make sure it has an appropriate `as` value and it is preloaded intentionally.
[browser] The resource https://checkout-static-next.razorpay.com/build/chunks/v2-entry-emi-414c2d7e.modern.js was preloaded using link preload but not used within a few seconds from the window's load event. Please make sure it has an appropriate `as` value and it is preloaded intentionally.
[browser] The resource https://checkout-static-next.razorpay.com/build/chunks/v2-entry-customer-c7eb629b.modern.js was preloaded using link preload but not used within a few seconds from the window's load event. Please make sure it has an appropriate `as` value and it is preloaded intentionally.
[browser] The resource https://checkout-static-next.razorpay.com/build/chunks/v2-entry-magic-select-billing-address-b27fd871.modern.js was preloaded using link preload but not used within a few seconds from the window's load event. Please make sure it has an appropriate `as` value and it is preloaded intentionally.
[browser] The resource https://checkout-static-next.razorpay.com/build/chunks/v2-entry-tcs-breakup-23c403ec.modern.js was preloaded using link preload but not used within a few seconds from the window's load event. Please make sure it has an appropriate `as` value and it is preloaded intentionally.
[browser] The resource https://checkout-static-next.razorpay.com/build/chunks/v2-entry-sidebar-illustration-6ab32778.modern.js was preloaded using link preload but not used within a few seconds from the window's load event. Please make sure it has an appropriate `as` value and it is preloaded intentionally.
[browser] The resource https://checkout-static-next.razorpay.com/build/chunks/v2-entry-sentry-b496ed6e.modern.js was preloaded using link preload but not used within a few seconds from the window's load event. Please make sure it has an appropriate `as` value and it is preloaded intentionally.
[browser] The resource https://checkout-static-next.razorpay.com/build/chunks/v2-entry-tabby-instrument-a40c883f.modern.js was preloaded using link preload but not used within a few seconds from the window's load event. Please make sure it has an appropriate `as` value and it is preloaded intentionally.
[browser] The resource https://checkout-static-next.razorpay.com/build/chunks/v2-entry-magic-merchant-partial-cod-123564cc.modern.js was preloaded using link preload but not used within a few seconds from the window's load event. Please make sure it has an appropriate `as` value and it is preloaded intentionally.
[browser] The resource https://checkout-static-next.razorpay.com/build/chunks/v2-entry-v2-icon-common-4f485ded.modern.js was preloaded using link preload but not used within a few seconds from the window's load event. Please make sure it has an appropriate `as` value and it is preloaded intentionally.
[browser] The resource https://checkout-static-next.razorpay.com/build/chunks/v2-entry-lottie-player-04228f89.modern.js was preloaded using link preload but not used within a few seconds from the window's load event. Please make sure it has an appropriate `as` value and it is preloaded intentionally.
[browser] The resource https://checkout-static-next.razorpay.com/build/chunks/v2-entry-illustration-ab69557a.modern.js was preloaded using link preload but not used within a few seconds from the window's load event. Please make sure it has an appropriate `as` value and it is preloaded intentionally.
[browser] The resource https://checkout-static-next.razorpay.com/build/chunks/v2-entry-fiduciary-consent-181cb582.modern.js was preloaded using link preload but not used within a few seconds from the window's load event. Please make sure it has an appropriate `as` value and it is preloaded intentionally.
[browser] The resource https://checkout-static-next.razorpay.com/build/chunks/v2-entry-google-pay-store-f8993756.modern.js was preloaded using link preload but not used within a few seconds from the window's load event. Please make sure it has an appropriate `as` value and it is preloaded intentionally.
[browser] The resource https://checkout-static-next.razorpay.com/build/chunks/v2-entry-magic-notifications-consent-f55c9d5c.modern.js was preloaded using link preload but not used within a few seconds from the window's load event. Please make sure it has an appropriate `as` value and it is preloaded intentionally.
[browser] The resource https://checkout-static-next.razorpay.com/build/chunks/v2-entry-sidebar-illustration0-5b4b3380.modern.js was preloaded using link preload but not used within a few seconds from the window's load event. Please make sure it has an appropriate `as` value and it is preloaded intentionally.
[browser] The resource https://checkout-static-next.razorpay.com/build/chunks/v2-entry-v3-upi-collect-7d727f44.modern.js was preloaded using link preload but not used within a few seconds from the window's load event. Please make sure it has an appropriate `as` value and it is preloaded intentionally.
[browser] The resource https://checkout-static-next.razorpay.com/build/chunks/v2-entry-magic-add-billing-address-1f09e82c.modern.js was preloaded using link preload but not used within a few seconds from the window's load event. Please make sure it has an appropriate `as` value and it is preloaded intentionally.
[browser] The resource https://checkout-static-next.razorpay.com/build/chunks/v2-entry-illustration16-47829dda.modern.js was preloaded using link preload but not used within a few seconds from the window's load event. Please make sure it has an appropriate `as` value and it is preloaded intentionally.
[browser] The resource https://checkout-static-next.razorpay.com/build/chunks/v2-entry-pop-lang-hi-ts-40b2321f.modern.js was preloaded using link preload but not used within a few seconds from the window's load event. Please make sure it has an appropriate `as` value and it is preloaded intentionally.
[browser] The resource https://checkout-static-next.razorpay.com/build/chunks/v2-entry-wallet-popup-bbd1b2f6.modern.js was preloaded using link preload but not used within a few seconds from the window's load event. Please make sure it has an appropriate `as` value and it is preloaded intentionally.
[browser] The resource https://checkout-static-next.razorpay.com/build/chunks/v2-entry-downtime-8f097366.modern.js was preloaded using link preload but not used within a few seconds from the window's load event. Please make sure it has an appropriate `as` value and it is preloaded intentionally.
[browser] The resource https://checkout-static-next.razorpay.com/build/chunks/v2-entry-v2-magic-icons-00edd052.modern.js was preloaded using link preload but not used within a few seconds from the window's load event. Please make sure it has an appropriate `as` value and it is preloaded intentionally.
[browser] The resource https://checkout-static-next.razorpay.com/build/chunks/v2-entry-local-currency-bank-transfer-de23cb5f.modern.js was preloaded using link preload but not used within a few seconds from the window's load event. Please make sure it has an appropriate `as` value and it is preloaded intentionally.
[browser] The resource https://checkout-static-next.razorpay.com/build/chunks/v2-entry-vajra-track-metrics-89ad46fd.modern.js was preloaded using link preload but not used within a few seconds from the window's load event. Please make sure it has an appropriate `as` value and it is preloaded intentionally.
[browser] The resource https://checkout-static-next.razorpay.com/build/chunks/v2-entry-shield-fed743f6.modern.js was preloaded using link preload but not used within a few seconds from the window's load event. Please make sure it has an appropriate `as` value and it is preloaded intentionally.
[browser] The resource https://checkout-static-next.razorpay.com/build/chunks/v2-entry-pop-lang-mar-ts-08349893.modern.js was preloaded using link preload but not used within a few seconds from the window's load event. Please make sure it has an appropriate `as` value and it is preloaded intentionally.
[browser] The resource https://checkout-static-next.razorpay.com/build/chunks/v2-entry-qrcode-13766bfd.modern.js was preloaded using link preload but not used within a few seconds from the window's load event. Please make sure it has an appropriate `as` value and it is preloaded intentionally.
[browser] The resource https://checkout-static-next.razorpay.com/build/chunks/v2-entry-illustration37-c0879b31.modern.js was preloaded using link preload but not used within a few seconds from the window's load event. Please make sure it has an appropriate `as` value and it is preloaded intentionally.
[browser] The resource https://checkout-static-next.razorpay.com/build/chunks/v2-entry-magic-side-panel-overview-6f4c4044.modern.js was preloaded using link preload but not used within a few seconds from the window's load event. Please make sure it has an appropriate `as` value and it is preloaded intentionally.
[browser] The resource https://checkout-static-next.razorpay.com/build/chunks/v2-entry-nach-d3ccadcc.modern.js was preloaded using link preload but not used within a few seconds from the window's load event. Please make sure it has an appropriate `as` value and it is preloaded intentionally.
[browser] The resource https://checkout-static-next.razorpay.com/build/chunks/v2-entry-custom-text-component-5373b76c.modern.js was preloaded using link preload but not used within a few seconds from the window's load event. Please make sure it has an appropriate `as` value and it is preloaded intentionally.
[browser] The resource https://checkout-static-next.razorpay.com/build/chunks/v2-entry-savings-banner-2b855215.modern.js was preloaded using link preload but not used within a few seconds from the window's load event. Please make sure it has an appropriate `as` value and it is preloaded intentionally.
[browser] The resource https://checkout-static-next.razorpay.com/build/chunks/v2-entry-club-lang-tel-ts-cdbd051d.modern.js was preloaded using link preload but not used within a few seconds from the window's load event. Please make sure it has an appropriate `as` value and it is preloaded intentionally.
[browser] The resource https://checkout-static-next.razorpay.com/build/chunks/v2-entry-common-component-54e05a7e.modern.js was preloaded using link preload but not used within a few seconds from the window's load event. Please make sure it has an appropriate `as` value and it is preloaded intentionally.
[browser] The resource https://checkout-static-next.razorpay.com/build/chunks/v2-entry-emi-plan-76c9eee4.modern.js was preloaded using link preload but not used within a few seconds from the window's load event. Please make sure it has an appropriate `as` value and it is preloaded intentionally.
[browser] The resource https://checkout-static-next.razorpay.com/build/chunks/v2-entry-illustration36-3d815756.modern.js was preloaded using link preload but not used within a few seconds from the window's load event. Please make sure it has an appropriate `as` value and it is preloaded intentionally.
[browser] The resource https://checkout-static-next.razorpay.com/build/chunks/v2-entry-magic-order-summary-widget-9ed9a457.modern.js was preloaded using link preload but not used within a few seconds from the window's load event. Please make sure it has an appropriate `as` value and it is preloaded intentionally.
[browser] The resource https://checkout-static-next.razorpay.com/build/chunks/v2-entry-upi-block-0af6bcbe.modern.js was preloaded using link preload but not used within a few seconds from the window's load event. Please make sure it has an appropriate `as` value and it is preloaded intentionally.
[browser] The resource https://checkout-static-next.razorpay.com/build/chunks/v2-entry-wallet-block-63402c9a.modern.js was preloaded using link preload but not used within a few seconds from the window's load event. Please make sure it has an appropriate `as` value and it is preloaded intentionally.
[browser] The resource https://checkout-static-next.razorpay.com/build/chunks/v2-entry-illustration17-1b26221d.modern.js was preloaded using link preload but not used within a few seconds from the window's load event. Please make sure it has an appropriate `as` value and it is preloaded intentionally.
[browser] The resource https://checkout-static-next.razorpay.com/build/chunks/v2-entry-lang-hi-ts-ab941d95.modern.js was preloaded using link preload but not used within a few seconds from the window's load event. Please make sure it has an appropriate `as` value and it is preloaded intentionally.
[browser] The resource https://checkout-static-next.razorpay.com/build/chunks/v2-entry-phone-number-hint-8bb849a9.modern.js was preloaded using link preload but not used within a few seconds from the window's load event. Please make sure it has an appropriate `as` value and it is preloaded intentionally.
[browser] The resource https://checkout-static-next.razorpay.com/build/chunks/v2-entry-opc-address-sheet-89ae9bee.modern.js was preloaded using link preload but not used within a few seconds from the window's load event. Please make sure it has an appropriate `as` value and it is preloaded intentionally.
[browser] The resource https://checkout-static-next.razorpay.com/build/chunks/v2-entry-eligibility-popup-7c82e7e8.modern.js was preloaded using link preload but not used within a few seconds from the window's load event. Please make sure it has an appropriate `as` value and it is preloaded intentionally.
[browser] The resource https://checkout-static-next.razorpay.com/build/chunks/v2-entry-magic-add-shipping-address-86b84f1d.modern.js was preloaded using link preload but not used within a few seconds from the window's load event. Please make sure it has an appropriate `as` value and it is preloaded intentionally.
[browser] The resource https://checkout-static-next.razorpay.com/build/chunks/v2-entry-store-credits-email-invalidation-f471a0d5.modern.js was preloaded using link preload but not used within a few seconds from the window's load event. Please make sure it has an appropriate `as` value and it is preloaded intentionally.
[browser] The resource https://checkout-static-next.razorpay.com/build/chunks/v2-entry-card-f64e333e.modern.js was preloaded using link preload but not used within a few seconds from the window's load event. Please make sure it has an appropriate `as` value and it is preloaded intentionally.
[browser] The resource https://checkout-static-next.razorpay.com/build/chunks/v2-entry-checkout-payment-6f3d12a3.modern.js was preloaded using link preload but not used within a few seconds from the window's load event. Please make sure it has an appropriate `as` value and it is preloaded intentionally.
[browser] The resource https://checkout-static-next.razorpay.com/build/chunks/v2-entry-reserve-pay-banks-12b359f4.modern.js was preloaded using link preload but not used within a few seconds from the window's load event. Please make sure it has an appropriate `as` value and it is preloaded intentionally.
[browser] The resource https://checkout-static-next.razorpay.com/build/chunks/v2-entry-getAppleExperimentEligibilityData-93833415.modern.js was preloaded using link preload but not used within a few seconds from the window's load event. Please make sure it has an appropriate `as` value and it is preloaded intentionally.
[browser] The resource https://checkout-static-next.razorpay.com/build/chunks/v2-entry-pop-lang-ben-ts-629016ce.modern.js was preloaded using link preload but not used within a few seconds from the window's load event. Please make sure it has an appropriate `as` value and it is preloaded intentionally.
[browser] The resource https://checkout-static-next.razorpay.com/build/chunks/v2-entry-store-credits-helper-service-16b871e2.modern.js was preloaded using link preload but not used within a few seconds from the window's load event. Please make sure it has an appropriate `as` value and it is preloaded intentionally.
[browser] The resource https://checkout-static-next.razorpay.com/build/chunks/v2-entry-load-partner-sdks-5d071fb6.modern.js was preloaded using link preload but not used within a few seconds from the window's load event. Please make sure it has an appropriate `as` value and it is preloaded intentionally.
[browser] The resource https://checkout-static-next.razorpay.com/build/chunks/v2-entry-otp-8a27273f.modern.js was preloaded using link preload but not used within a few seconds from the window's load event. Please make sure it has an appropriate `as` value and it is preloaded intentionally.
[browser] ══╡ EXCEPTION CAUGHT BY WIDGETS LIBRARY ╞═══════════════════════════════════════════════════════════
[browser] The following assertion was thrown building KeyedSubtree-[<'function-halls-matrix'>]:
[browser] BoxConstraints has a negative minimum width.
[browser] The offending constraints were:
[browser]   BoxConstraints(w=-5.3, h=104.0; NOT NORMALIZED)
[browser] 
[browser] The relevant error-causing widget was:
[browser]   KeyedSubtree-[<'function-halls-matrix'>]
[browser]   KeyedSubtree:file:///Users/aa/BookMyspace_Andriod/lib/features/home/presentation/widgets/category_glass_matrix.dart:285:16
[browser] 
[browser] When the exception was thrown, this was the stack:
[browser] dart-sdk/lib/_internal/js_dev_runtime/private/ddc_runtime/errors.dart 274:3       throw_
[browser] package:flutter/src/rendering/box.dart 549:9                                      throwError
[browser] package:flutter/src/rendering/box.dart 590:9                                      <fn>
[browser] package:flutter/src/rendering/box.dart 618:14                                     debugAssertIsValid
[browser] package:flutter/src/rendering/proxy_box.dart 227:17                               set additionalConstraints
[browser] package:flutter/src/widgets/basic.dart 2773:17                                    updateRenderObject
[browser] package:flutter/src/widgets/framework.dart 6837:6                                 [_performRebuild]
[browser] package:flutter/src/widgets/framework.dart 6813:5                                 update
[browser] package:flutter/src/widgets/framework.dart 7120:11                                update
[browser] package:flutter/src/widgets/framework.dart 4037:14                                updateChild
[browser] package:flutter/src/widgets/framework.dart 4191:32                                updateChildren
[browser] package:flutter/src/widgets/framework.dart 7295:17                                update
[browser] package:flutter/src/widgets/framework.dart 4037:14                                updateChild
[browser] package:flutter/src/widgets/framework.dart 7122:14                                update
[browser] package:flutter/src/widgets/framework.dart 4037:14                                updateChild
[browser] package:flutter/src/widgets/framework.dart 4191:32                                updateChildren
[browser] package:flutter/src/widgets/framework.dart 7295:17                                update
[browser] package:flutter/src/widgets/framework.dart 4037:14                                updateChild
[browser] package:flutter/src/widgets/framework.dart 5841:16                                performRebuild
[browser] package:flutter/src/widgets/framework.dart 5529:7                                 rebuild
[browser] package:flutter/src/widgets/framework.dart 5895:5                                 update
[browser] package:flutter/src/widgets/framework.dart 4037:14                                updateChild
[browser] package:flutter/src/widgets/layout_builder.dart 247:18                            updateChildCallback
[browser] package:flutter/src/widgets/framework.dart 3101:11                                buildScope
[browser] package:flutter/src/widgets/layout_builder.dart 270:5                             [_rebuildWithConstraints]
[browser] dart-sdk/lib/_internal/js_dev_runtime/private/ddc_runtime/operations.dart 118:77  tear
[browser] package:flutter/src/widgets/layout_builder.dart 333:28                            layoutCallback
[browser] package:flutter/src/rendering/object.dart 4162:33                                 <fn>
[browser] package:flutter/src/rendering/object.dart 2887:9                                  <fn>
[browser] package:flutter/src/rendering/object.dart 1223:7                                  [_enableMutationsToDirtySubtrees]
[browser] package:flutter/src/rendering/object.dart 2886:7                                  invokeLayoutCallback
[browser] package:flutter/src/rendering/object.dart 4162:5                                  runLayoutCallback
[browser] package:flutter/src/widgets/layout_builder.dart 447:5                             performLayout
[browser] package:flutter/src/rendering/object.dart 2768:7                                  layout
[browser] package:flutter/src/rendering/layout_helper.dart 62:10                            layoutChild
[browser] dart-sdk/lib/_internal/js_dev_runtime/private/ddc_runtime/operations.dart 118:77  tear
[browser] package:flutter/src/rendering/flex.dart 1237:28                                   [_computeSizes]
[browser] package:flutter/src/rendering/flex.dart 1329:32                                   performLayout
[browser] package:flutter/src/rendering/object.dart 2768:7                                  layout
[browser] package:flutter/src/rendering/shifted_box.dart 262:5                              performLayout
[browser] package:flutter/src/rendering/object.dart 2768:7                                  layout
[browser] package:flutter/src/rendering/sliver.dart 2045:5                                  performLayout
[browser] package:flutter/src/rendering/object.dart 2768:7                                  layout
[browser] package:flutter/src/rendering/viewport.dart 673:12                                layoutChildSequence
[browser] package:flutter/src/rendering/viewport.dart 1684:12                               [_attemptLayout]
[browser] package:flutter/src/rendering/viewport.dart 1575:20                               performLayout
[browser] package:flutter/src/rendering/object.dart 2768:7                                  layout
[browser] package:flutter/src/rendering/proxy_box.dart 118:10                               <fn>
[browser] package:flutter/src/rendering/proxy_box.dart 118:10                               performLayout
[browser] package:flutter/src/rendering/object.dart 2768:7                                  layout
[browser] package:flutter/src/rendering/proxy_box.dart 118:10                               <fn>
[browser] package:flutter/src/rendering/proxy_box.dart 118:10                               performLayout
[browser] package:flutter/src/rendering/object.dart 2768:7                                  layout
[browser] package:flutter/src/rendering/proxy_box.dart 118:10                               <fn>
[browser] package:flutter/src/rendering/proxy_box.dart 118:10                               performLayout
[browser] package:flutter/src/rendering/object.dart 2768:7                                  layout
[browser] package:flutter/src/rendering/proxy_box.dart 118:10                               <fn>
[browser] package:flutter/src/rendering/proxy_box.dart 118:10                               performLayout
[browser] package:flutter/src/rendering/object.dart 2768:7                                  layout
[browser] package:flutter/src/rendering/proxy_box.dart 118:10                               <fn>
[browser] package:flutter/src/rendering/proxy_box.dart 118:10                               performLayout
[browser] package:flutter/src/rendering/object.dart 2768:7                                  layout
[browser] package:flutter/src/rendering/proxy_box.dart 118:10                               <fn>
[browser] package:flutter/src/rendering/proxy_box.dart 118:10                               performLayout
[browser] package:flutter/src/rendering/object.dart 2768:7                                  layout
[browser] package:flutter/src/rendering/proxy_box.dart 118:10                               <fn>
[browser] package:flutter/src/rendering/proxy_box.dart 118:10                               performLayout
[browser] package:flutter/src/rendering/object.dart 2768:7                                  layout
[browser] package:flutter/src/rendering/proxy_box.dart 118:10                               <fn>
[browser] package:flutter/src/rendering/proxy_box.dart 118:10                               performLayout
[browser] package:flutter/src/rendering/custom_paint.dart 574:11                            performLayout
[browser] package:flutter/src/rendering/object.dart 2768:7                                  layout
[browser] package:flutter/src/rendering/proxy_box.dart 118:10                               <fn>
[browser] package:flutter/src/rendering/proxy_box.dart 118:10                               performLayout
[browser] package:flutter/src/rendering/object.dart 2768:7                                  layout
[browser] package:flutter/src/rendering/proxy_box.dart 118:10                               <fn>
[browser] package:flutter/src/rendering/proxy_box.dart 118:10                               performLayout
[browser] package:flutter/src/rendering/object.dart 2768:7                                  layout
[browser] package:flutter/src/rendering/proxy_box.dart 118:10                               <fn>
[browser] package:flutter/src/rendering/proxy_box.dart 118:10                               performLayout
[browser] package:flutter/src/rendering/object.dart 2768:7                                  layout
[browser] package:flutter/src/rendering/proxy_box.dart 118:10                               <fn>
[browser] package:flutter/src/rendering/proxy_box.dart 118:10                               performLayout
[browser] package:flutter/src/rendering/object.dart 2768:7                                  layout
[browser] package:flutter/src/rendering/proxy_box.dart 118:10                               <fn>
[browser] package:flutter/src/rendering/proxy_box.dart 118:10                               performLayout
[browser] package:flutter/src/rendering/object.dart 2768:7                                  layout
[browser] package:flutter/src/rendering/layout_helper.dart 62:10                            layoutChild
[browser] dart-sdk/lib/_internal/js_dev_runtime/private/ddc_runtime/operations.dart 118:77  tear
[browser] package:flutter/src/rendering/stack.dart 645:43                                   [_computeSize]
[browser] package:flutter/src/rendering/stack.dart 680:12                                   performLayout
[browser] package:flutter/src/rendering/object.dart 2768:7                                  layout
[browser] package:flutter/src/rendering/proxy_box.dart 296:7                                performLayout
[browser] package:flutter/src/rendering/object.dart 2768:7                                  layout
[browser] package:flutter/src/rendering/shifted_box.dart 484:7                              performLayout
[browser] package:flutter/src/rendering/object.dart 2768:7                                  layout
[browser] package:flutter/src/widgets/layout_builder.dart 449:7                             performLayout
[browser] package:flutter/src/rendering/object.dart 2768:7                                  layout
[browser] package:flutter/src/rendering/shifted_box.dart 262:5                              performLayout
[browser] package:flutter/src/rendering/object.dart 2768:7                                  layout
[browser] package:flutter/src/rendering/custom_layout.dart 180:10                           layoutChild
[browser] package:flutter/src/material/scaffold.dart 1113:7                                 performLayout
[browser] package:flutter/src/rendering/custom_layout.dart 246:7                            [_callPerformLayout]
[browser] package:flutter/src/rendering/custom_layout.dart 417:5                            performLayout
[browser] package:flutter/src/rendering/object.dart 2768:7                                  layout
[browser] package:flutter/src/rendering/proxy_box.dart 118:10                               <fn>
[browser] package:flutter/src/rendering/proxy_box.dart 118:10                               performLayout
[browser] package:flutter/src/rendering/object.dart 2768:7                                  layout
[browser] package:flutter/src/rendering/proxy_box.dart 118:10                               <fn>
[browser] package:flutter/src/rendering/proxy_box.dart 118:10                               performLayout
[browser] package:flutter/src/rendering/proxy_box.dart 1549:11                              performLayout
[browser] package:flutter/src/rendering/object.dart 2768:7                                  layout
[browser] package:flutter/src/rendering/proxy_box.dart 118:10                               <fn>
[browser] package:flutter/src/rendering/proxy_box.dart 118:10                               performLayout
[browser] package:flutter/src/rendering/object.dart 2768:7                                  layout
[browser] package:flutter/src/rendering/proxy_box.dart 118:10                               <fn>
[browser] package:flutter/src/rendering/proxy_box.dart 118:10                               performLayout
[browser] package:flutter/src/rendering/object.dart 2768:7                                  layout
[browser] package:flutter/src/rendering/proxy_box.dart 118:10                               <fn>
[browser] package:flutter/src/rendering/proxy_box.dart 118:10                               performLayout
[browser] package:flutter/src/rendering/object.dart 2768:7                                  layout
[browser] package:flutter/src/rendering/layout_helper.dart 62:10                            layoutChild
[browser] dart-sdk/lib/_internal/js_dev_runtime/private/ddc_runtime/operations.dart 118:77  tear
[browser] package:flutter/src/rendering/stack.dart 645:43                                   [_computeSize]
[browser] package:flutter/src/rendering/stack.dart 680:12                                   performLayout
[browser] package:flutter/src/rendering/object.dart 2768:7                                  layout
[browser] package:flutter/src/rendering/proxy_box.dart 118:10                               <fn>
[browser] package:flutter/src/rendering/proxy_box.dart 118:10                               performLayout
  📸 [Customer bookings] 637987 bytes
  ❌ BMS-553715B3 not in customer bookings
  Pay action: ✅

  Relevant customer texts:
    "(function() {
      var progress = 0;
      var fillElem = document.getElementById('loading-progress-fill');
      var pctElem = document.getElementBy"
    "@keyframes rzp-rot{to{transform: rotate(360deg);}}@-webkit-keyframes rzp-rot{to{-webkit-transform: rotate(360deg);}} .razorpay-container > iframe {min"
    "Auditorium DEV 1
Morning
Cancelled
Oct 27, 2026
09:00 – 13:00
BMS-9BCC89E4
₹893"
    "BookMySpace E2E Test Venue
E2E Morning Session
Cancelled
Sep 27, 2026
09:00 – 12:00
BMS-DF2B4673
₹24,780"
    "Pay securely"
    "Party Hall DEV 10
Afternoon
Declined
Sep 22, 2026
14:00 – 18:00
BMS-526B2E9E
₹86,140"