[warning] Google Maps JavaScript API has been loaded directly without loading=async. This can result in suboptimal performance. For best-practice loading patterns please see https://goo.gle/js-api-loading
[debug] Injecting <script> tag. Using callback.
[info] DDC is about to load 1/2 scripts with pool size = 1000
[info] DDC is about to load 1417/1417 scripts with pool size = 1000
[log] [WebPush] Service worker registered with scope: http://127.0.0.1:8099/
[log] Starting application from main method in: org-dartlang-app:/web_entrypoint.dart.
[error] Failed to load resource: the server responded with a status of 403 ()
[warning] Found an existing <meta name="viewport"> tag. Flutter Web uses its own viewport configuration for better compatibility with Flutter. This tag will be replaced.
[log] BookMySpace config: {name: development, supabaseHost: zykxneztahxbjduagutv.supabase.co, supabaseUrlConfigured: true, supabaseAnonKeyConfigured: true, razorpayKeyConfigured: true, apiBaseUrlHost: zykxneztahxbjduagutv.supabase.co, placeholderHost: false, supabaseConfigured: true}
[log] supabase.supabase_flutter: INFO: ***** Supabase init completed ***** 
[warning] Google Maps JavaScript API warning: InvalidKey https://developers.google.com/maps/documentation/javascript/error-messages#invalid-key
[warning] Google Maps JavaScript API has been loaded directly without loading=async. This can result in suboptimal performance. For best-practice loading patterns please see https://goo.gle/js-api-loading
[debug] Updating service worker.
[log] [WebPush] Service worker registered with scope: http://127.0.0.1:8099/
[error] Failed to load resource: the server responded with a status of 403 ()
[warning] Exception while loading service worker: Error: prepareServiceWorker took more than 4000ms to resolve. Moving on.
    at http://127.0.0.1:8099/flutter_bootstrap.js:1:3775
[debug] Injecting <script> tag. Using callback.
[info] DDC is about to load 1/2 scripts with pool size = 1000
[info] DDC is about to load 1417/1417 scripts with pool size = 1000
[warning] Google Maps JavaScript API warning: InvalidKey https://developers.google.com/maps/documentation/javascript/error-messages#invalid-key
[log] Starting application from main method in: org-dartlang-app:/web_entrypoint.dart.
[warning] Found an existing <meta name="viewport"> tag. Flutter Web uses its own viewport configuration for better compatibility with Flutter. This tag will be replaced.
[log] BookMySpace config: {name: development, supabaseHost: zykxneztahxbjduagutv.supabase.co, supabaseUrlConfigured: true, supabaseAnonKeyConfigured: true, razorpayKeyConfigured: true, apiBaseUrlHost: zykxneztahxbjduagutv.supabase.co, placeholderHost: false, supabaseConfigured: true}
[log] supabase.supabase_flutter: INFO: ***** Supabase init completed ***** 
[warning] Could not find a set of Noto fonts to display all missing characters. Please add a font asset for the missing characters. See: https://docs.flutter.dev/cookbook/design/fonts
[warning] Google Maps JavaScript API has been loaded directly without loading=async. This can result in suboptimal performance. For best-practice loading patterns please see https://goo.gle/js-api-loading
[debug] Updating service worker.
[log] [WebPush] Service worker registered with scope: http://127.0.0.1:8099/
[error] Failed to load resource: the server responded with a status of 403 ()
[warning] Exception while loading service worker: Error: prepareServiceWorker took more than 4000ms to resolve. Moving on.
    at http://127.0.0.1:8099/flutter_bootstrap.js:1:3775
[debug] Injecting <script> tag. Using callback.
[info] DDC is about to load 1/2 scripts with pool size = 1000
[info] DDC is about to load 1417/1417 scripts with pool size = 1000
[warning] Google Maps JavaScript API warning: InvalidKey https://developers.google.com/maps/documentation/javascript/error-messages#invalid-key
[log] Starting application from main method in: org-dartlang-app:/web_entrypoint.dart.
[warning] Found an existing <meta name="viewport"> tag. Flutter Web uses its own viewport configuration for better compatibility with Flutter. This tag will be replaced.
[log] BookMySpace config: {name: development, supabaseHost: zykxneztahxbjduagutv.supabase.co, supabaseUrlConfigured: true, supabaseAnonKeyConfigured: true, razorpayKeyConfigured: true, apiBaseUrlHost: zykxneztahxbjduagutv.supabase.co, placeholderHost: false, supabaseConfigured: true}
[log] supabase.supabase_flutter: INFO: ***** Supabase init completed ***** 
[warning] Could not find a set of Noto fonts to display all missing characters. Please add a font asset for the missing characters. See: https://docs.flutter.dev/cookbook/design/fonts
[log] ══╡ EXCEPTION CAUGHT BY WIDGETS LIBRARY ╞═══════════════════════════════════════════════════════════
[log] The following assertion was thrown building KeyedSubtree-[<'function-halls-matrix'>]:
[log] BoxConstraints has a negative minimum width.
[log] The offending constraints were:
[log]   BoxConstraints(w=-5.3, h=104.0; NOT NORMALIZED)
[log] 
[log] The relevant error-causing widget was:
[log]   KeyedSubtree-[<'function-halls-matrix'>]
[log]   KeyedSubtree:file:///Users/aa/BookMyspace_Andriod/lib/features/home/presentation/widgets/category_glass_matrix.dart:285:16
[log] 
[log] When the exception was thrown, this was the stack:
[log] dart-sdk/lib/_internal/js_dev_runtime/private/ddc_runtime/errors.dart 274:3       throw_
[log] package:flutter/src/rendering/box.dart 549:9                                      throwError
[log] package:flutter/src/rendering/box.dart 590:9                                      <fn>
[log] package:flutter/src/rendering/box.dart 618:14                                     debugAssertIsValid
[log] package:flutter/src/rendering/proxy_box.dart 227:17                               set additionalConstraints
[log] package:flutter/src/widgets/basic.dart 2773:17                                    updateRenderObject
[log] package:flutter/src/widgets/framework.dart 6837:6                                 [_performRebuild]
[log] package:flutter/src/widgets/framework.dart 6813:5                                 update
[log] package:flutter/src/widgets/framework.dart 7120:11                                update
[log] package:flutter/src/widgets/framework.dart 4037:14                                updateChild
[log] package:flutter/src/widgets/framework.dart 4191:32                                updateChildren
[log] package:flutter/src/widgets/framework.dart 7295:17                                update
[log] package:flutter/src/widgets/framework.dart 4037:14                                updateChild
[log] package:flutter/src/widgets/framework.dart 7122:14                                update
[log] package:flutter/src/widgets/framework.dart 4037:14                                updateChild
[log] package:flutter/src/widgets/framework.dart 4191:32                                updateChildren
[log] package:flutter/src/widgets/framework.dart 7295:17                                update
[log] package:flutter/src/widgets/framework.dart 4037:14                                updateChild
[log] package:flutter/src/widgets/framework.dart 5841:16                                performRebuild
[log] package:flutter/src/widgets/framework.dart 5529:7                                 rebuild
[log] package:flutter/src/widgets/framework.dart 5895:5                                 update
[log] package:flutter/src/widgets/framework.dart 4037:14                                updateChild
[log] package:flutter/src/widgets/layout_builder.dart 247:18                            updateChildCallback
[log] package:flutter/src/widgets/framework.dart 3101:11                                buildScope
[log] package:flutter/src/widgets/layout_builder.dart 270:5                             [_rebuildWithConstraints]
[log] dart-sdk/lib/_internal/js_dev_runtime/private/ddc_runtime/operations.dart 118:77  tear
[log] package:flutter/src/widgets/layout_builder.dart 333:28                            layoutCallback
[log] package:flutter/src/rendering/object.dart 4162:33                                 <fn>
[log] package:flutter/src/rendering/object.dart 2887:9                                  <fn>
[log] package:flutter/src/rendering/object.dart 1223:7                                  [_enableMutationsToDirtySubtrees]
[log] package:flutter/src/rendering/object.dart 2886:7                                  invokeLayoutCallback
[log] package:flutter/src/rendering/object.dart 4162:5                                  runLayoutCallback
[log] package:flutter/src/widgets/layout_builder.dart 447:5                             performLayout
[log] package:flutter/src/rendering/object.dart 2768:7                                  layout
[log] package:flutter/src/rendering/layout_helper.dart 62:10                            layoutChild
[log] dart-sdk/lib/_internal/js_dev_runtime/private/ddc_runtime/operations.dart 118:77  tear
[log] package:flutter/src/rendering/flex.dart 1237:28                                   [_computeSizes]
[log] package:flutter/src/rendering/flex.dart 1329:32                                   performLayout
[log] package:flutter/src/rendering/object.dart 2768:7                                  layout
[log] package:flutter/src/rendering/shifted_box.dart 262:5                              performLayout
[log] package:flutter/src/rendering/object.dart 2768:7                                  layout
[log] package:flutter/src/rendering/sliver.dart 2045:5                                  performLayout
[log] package:flutter/src/rendering/object.dart 2768:7                                  layout
[log] package:flutter/src/rendering/viewport.dart 673:12                                layoutChildSequence
[log] package:flutter/src/rendering/viewport.dart 1684:12                               [_attemptLayout]
[log] package:flutter/src/rendering/viewport.dart 1575:20                               performLayout
[log] package:flutter/src/rendering/object.dart 2768:7                                  layout
[log] package:flutter/src/rendering/proxy_box.dart 118:10                               <fn>
[log] package:flutter/src/rendering/proxy_box.dart 118:10                               performLayout
[log] package:flutter/src/rendering/object.dart 2768:7                                  layout
[log] package:flutter/src/rendering/proxy_box.dart 118:10                               <fn>
[log] package:flutter/src/rendering/proxy_box.dart 118:10                               performLayout
[log] package:flutter/src/rendering/object.dart 2768:7                                  layout
[log] package:flutter/src/rendering/proxy_box.dart 118:10                               <fn>
[log] package:flutter/src/rendering/proxy_box.dart 118:10                               performLayout
[log] package:flutter/src/rendering/object.dart 2768:7                                  layout
[log] package:flutter/src/rendering/proxy_box.dart 118:10                               <fn>
[log] package:flutter/src/rendering/proxy_box.dart 118:10                               performLayout
[log] package:flutter/src/rendering/object.dart 2768:7                                  layout
[log] package:flutter/src/rendering/proxy_box.dart 118:10                               <fn>
[log] package:flutter/src/rendering/proxy_box.dart 118:10                               performLayout
[log] package:flutter/src/rendering/object.dart 2768:7                                  layout
[log] package:flutter/src/rendering/proxy_box.dart 118:10                               <fn>
[log] package:flutter/src/rendering/proxy_box.dart 118:10                               performLayout
[log] package:flutter/src/rendering/object.dart 2768:7                                  layout
[log] package:flutter/src/rendering/proxy_box.dart 118:10                               <fn>
[log] package:flutter/src/rendering/proxy_box.dart 118:10                               performLayout
[log] package:flutter/src/rendering/object.dart 2768:7                                  layout
[log] package:flutter/src/rendering/proxy_box.dart 118:10                               <fn>
[log] package:flutter/src/rendering/proxy_box.dart 118:10                               performLayout
[log] package:flutter/src/rendering/custom_paint.dart 574:11                            performLayout
[log] package:flutter/src/rendering/object.dart 2768:7                                  layout
[log] package:flutter/src/rendering/proxy_box.dart 118:10                               <fn>
[log] package:flutter/src/rendering/proxy_box.dart 118:10                               performLayout
[log] package:flutter/src/rendering/object.dart 2768:7                                  layout
[log] package:flutter/src/rendering/proxy_box.dart 118:10                               <fn>
[log] package:flutter/src/rendering/proxy_box.dart 118:10                               performLayout
[log] package:flutter/src/rendering/object.dart 2768:7                                  layout
[log] package:flutter/src/rendering/proxy_box.dart 118:10                               <fn>
[log] package:flutter/src/rendering/proxy_box.dart 118:10                               performLayout
[log] package:flutter/src/rendering/object.dart 2768:7                                  layout
[log] package:flutter/src/rendering/proxy_box.dart 118:10                               <fn>
[log] package:flutter/src/rendering/proxy_box.dart 118:10                               performLayout
[log] package:flutter/src/rendering/object.dart 2768:7                                  layout
[log] package:flutter/src/rendering/proxy_box.dart 118:10                               <fn>
[log] package:flutter/src/rendering/proxy_box.dart 118:10                               performLayout
[log] package:flutter/src/rendering/object.dart 2768:7                                  layout
[log] package:flutter/src/rendering/layout_helper.dart 62:10                            layoutChild
[log] dart-sdk/lib/_internal/js_dev_runtime/private/ddc_runtime/operations.dart 118:77  tear
[log] package:flutter/src/rendering/stack.dart 645:43                                   [_computeSize]
[log] package:flutter/src/rendering/stack.dart 680:12                                   performLayout
[log] package:flutter/src/rendering/object.dart 2768:7                                  layout
[log] package:flutter/src/rendering/proxy_box.dart 296:7                                performLayout
[log] package:flutter/src/rendering/object.dart 2768:7                                  layout
[log] package:flutter/src/rendering/shifted_box.dart 484:7                              performLayout
[log] package:flutter/src/rendering/object.dart 2768:7                                  layout
[log] package:flutter/src/widgets/layout_builder.dart 449:7                             performLayout
[log] package:flutter/src/rendering/object.dart 2768:7                                  layout
[log] package:flutter/src/rendering/shifted_box.dart 262:5                              performLayout
[log] package:flutter/src/rendering/object.dart 2768:7                                  layout
[log] package:flutter/src/rendering/custom_layout.dart 180:10                           layoutChild
[log] package:flutter/src/material/scaffold.dart 1113:7                                 performLayout
[log] package:flutter/src/rendering/custom_layout.dart 246:7                            [_callPerformLayout]
[log] package:flutter/src/rendering/custom_layout.dart 417:5                            performLayout
[log] package:flutter/src/rendering/object.dart 2768:7                                  layout
[log] package:flutter/src/rendering/proxy_box.dart 118:10                               <fn>
[log] package:flutter/src/rendering/proxy_box.dart 118:10                               performLayout
[log] package:flutter/src/rendering/object.dart 2768:7                                  layout
[log] package:flutter/src/rendering/proxy_box.dart 118:10                               <fn>
[log] package:flutter/src/rendering/proxy_box.dart 118:10                               performLayout
[log] package:flutter/src/rendering/proxy_box.dart 1549:11                              performLayout
[log] package:flutter/src/rendering/object.dart 2768:7                                  layout
[log] package:flutter/src/rendering/proxy_box.dart 118:10                               <fn>
[log] package:flutter/src/rendering/proxy_box.dart 118:10                               performLayout
[log] package:flutter/src/rendering/object.dart 2768:7                                  layout
[log] package:flutter/src/rendering/proxy_box.dart 118:10                               <fn>
[log] package:flutter/src/rendering/proxy_box.dart 118:10                               performLayout
[log] package:flutter/src/rendering/object.dart 2768:7                                  layout
[log] package:flutter/src/rendering/proxy_box.dart 118:10                               <fn>
[log] package:flutter/src/rendering/proxy_box.dart 118:10                               performLayout
[log] package:flutter/src/rendering/object.dart 2768:7                                  layout
[log] package:flutter/src/rendering/layout_helper.dart 62:10                            layoutChild
[log] dart-sdk/lib/_internal/js_dev_runtime/private/ddc_runtime/operations.dart 118:77  tear
[log] package:flutter/src/rendering/stack.dart 645:43                                   [_computeSize]
[log] package:flutter/src/rendering/stack.dart 680:12                                   performLayout
[log] package:flutter/src/rendering/object.dart 2768:7                                  layout
[log] package:flutter/src/rendering/proxy_box.dart 118:10                               <fn>
[log] package:flutter/src/rendering/proxy_box.dart 118:10                               performLayout